.EEEFFFFFFF.F